{
  "type": "EMAIL",
  "email": "test@gmail.com"
}